seed 目標：local（http://localhost:18790）；4 個分類、32 件商品。
Luma 弧形單椅：更新說明／售價／原價／分類
Fold 三人座沙發：更新說明／售價／原價／分類
Slab 茶几：更新說明／售價／原價／分類
Halo 圓鏡：更新說明／售價／原價／分類
Twin 收納櫃：更新說明／售價／原價／分類
Stone 陶土花器：更新說明／售價／原價／分類
Ash 木質淺缽：更新說明／售價／原價／分類
Peg 圓凳：更新說明／售價／原價／分類
Nora 圓形餐桌：更新說明／售價／原價／分類
Kei 曲木餐椅：更新說明／售價／原價／分類
Oak 長凳：更新說明／售價／原價／分類
Dome 吊燈：更新說明／售價／原價／分類
Rin 陶碗組：更新說明／售價／原價／分類
Clear 玻璃水瓶：更新說明／售價／原價／分類
Linen 亞麻桌巾：更新說明／售價／原價／分類
Serve 木托盤：更新說明／售價／原價／分類
Low 床架：更新說明／售價／原價／分類
Nest 床邊几：更新說明／售價／原價／分類
Calm 亞麻寢具組：更新說明／售價／原價／分類
Mini 床頭燈：更新說明／售價／原價／分類
Wool 羊毛毯：更新說明／售價／原價／分類
Hang 掛衣架：更新說明／售價／原價／分類
Oval 立鏡：更新說明／售價／原價／分類
Cube 腳凳：更新說明／售價／原價／分類
Astra 半球檯燈：更新說明／售價／原價／分類
Frame 書桌：更新說明／售價／原價／分類
Task 木椅：更新說明／售價／原價／分類
Open 開放層架：更新說明／售價／原價／分類
Arc 落地燈：更新說明／售價／原價／分類
File 收納盒：更新說明／售價／原價／分類
Pen 筆盤：更新說明／售價／原價／分類
Tick 掛鐘：更新說明／售價／原價／分類
完成：示範分類 4 個、示範商品 32 件（上架中 32 件）。
